Archive member included to satisfy reference by file (symbol)

c:/program files (x86)/atollic/truestudio for arm 8.1.0/armtools/bin/../lib/gcc/arm-atollic-eabi/6.3.1/../../../../arm-atollic-eabi/lib/armv7e-m/fpu\libc_nano.a(lib_a-init.o)
                              src\startup_stm32f40xx.o (__libc_init_array)
c:/program files (x86)/atollic/truestudio for arm 8.1.0/armtools/bin/../lib/gcc/arm-atollic-eabi/6.3.1/../../../../arm-atollic-eabi/lib/armv7e-m/fpu\libc_nano.a(lib_a-strlen.o)
                              src\tiny_printf.o (strlen)
c:/program files (x86)/atollic/truestudio for arm 8.1.0/armtools/bin/../lib/gcc/arm-atollic-eabi/6.3.1/../../../../arm-atollic-eabi/lib/armv7e-m/fpu\libnosys.a(write.o)
                              src\tiny_printf.o (_write)
c:/program files (x86)/atollic/truestudio for arm 8.1.0/armtools/bin/../lib/gcc/arm-atollic-eabi/6.3.1/../../../../arm-atollic-eabi/lib/armv7e-m/fpu\libnosys.a(errno.o)
                              c:/program files (x86)/atollic/truestudio for arm 8.1.0/armtools/bin/../lib/gcc/arm-atollic-eabi/6.3.1/../../../../arm-atollic-eabi/lib/armv7e-m/fpu\libnosys.a(write.o) (errno)

Allocating common symbols
Common symbol       size              file

errno               0x4               c:/program files (x86)/atollic/truestudio for arm 8.1.0/armtools/bin/../lib/gcc/arm-atollic-eabi/6.3.1/../../../../arm-atollic-eabi/lib/armv7e-m/fpu\libnosys.a(errno.o)

Discarded input sections

 .text          0x00000000        0x0 c:/program files (x86)/atollic/truestudio for arm 8.1.0/armtools/bin/../lib/gcc/arm-atollic-eabi/6.3.1/armv7e-m/fpu/crti.o
 .data          0x00000000        0x0 c:/program files (x86)/atollic/truestudio for arm 8.1.0/armtools/bin/../lib/gcc/arm-atollic-eabi/6.3.1/armv7e-m/fpu/crti.o
 .bss           0x00000000        0x0 c:/program files (x86)/atollic/truestudio for arm 8.1.0/armtools/bin/../lib/gcc/arm-atollic-eabi/6.3.1/armv7e-m/fpu/crti.o
 .data          0x00000000        0x4 c:/program files (x86)/atollic/truestudio for arm 8.1.0/armtools/bin/../lib/gcc/arm-atollic-eabi/6.3.1/armv7e-m/fpu/crtbegin.o
 .text          0x00000000        0x0 scmRTOS\core\os_kernel.o
 .data          0x00000000        0x0 scmRTOS\core\os_kernel.o
 .bss           0x00000000        0x0 scmRTOS\core\os_kernel.o
 .text._ZN2OS12TBaseProcess5sleepEt
                0x00000000       0x3c scmRTOS\core\os_kernel.o
 .text._ZN2OS12TBaseProcess7wake_upEv
                0x00000000       0x38 scmRTOS\core\os_kernel.o
 .text._ZN2OS12TBaseProcess13force_wake_upEv
                0x00000000       0x30 scmRTOS\core\os_kernel.o
 .text._ZNK2OS12TBaseProcess11stack_slackEv
                0x00000000       0x18 scmRTOS\core\os_kernel.o
 .text          0x00000000        0x0 scmRTOS\core\os_services.o
 .data          0x00000000        0x0 scmRTOS\core\os_services.o
 .bss           0x00000000        0x0 scmRTOS\core\os_services.o
 .text._ZN2OS8TService10resume_allERVj
                0x00000000       0x34 scmRTOS\core\os_services.o
 .text._ZN2OS8TService17resume_next_readyERVj
                0x00000000       0x44 scmRTOS\core\os_services.o
 .text._ZN2OS6TMutex4lockEv
                0x00000000       0x64 scmRTOS\core\os_services.o
 .text._ZN2OS6TMutex8try_lockEt
                0x00000000       0xa4 scmRTOS\core\os_services.o
 .text._ZN2OS6TMutex6unlockEv
                0x00000000       0x30 scmRTOS\core\os_services.o
 .text._ZN2OS8TChannel4pushEh
                0x00000000       0x74 scmRTOS\core\os_services.o
 .text._ZN2OS8TChannel3popEv
                0x00000000       0x6c scmRTOS\core\os_services.o
 .text._ZN2OS8TChannel5writeEPKhh
                0x00000000       0x78 scmRTOS\core\os_services.o
 .text._ZN2OS8TChannel4readEPhh
                0x00000000       0x74 scmRTOS\core\os_services.o
 .text._ZN2OS12TBaseMessage4waitEt
                0x00000000       0x9c scmRTOS\core\os_services.o
 .text          0x00000000        0x0 scmRTOS\core\usrlib.o
 .data          0x00000000        0x0 scmRTOS\core\usrlib.o
 .bss           0x00000000        0x0 scmRTOS\core\usrlib.o
 .text._ZN3usr5TCbufC2EPhh
                0x00000000        0xe scmRTOS\core\usrlib.o
 .text._ZNK3usr5TCbuf8get_byteEh
                0x00000000       0x1a scmRTOS\core\usrlib.o
 .text._ZN3usr5TCbuf4pushEh
                0x00000000       0x24 scmRTOS\core\usrlib.o
 .text._ZN3usr5TCbuf5writeEPKhh
                0x00000000       0x2e scmRTOS\core\usrlib.o
 .text._ZN3usr5TCbuf3putEh
                0x00000000       0x18 scmRTOS\core\usrlib.o
 .text._ZN3usr5TCbuf3popEv
                0x00000000       0x24 scmRTOS\core\usrlib.o
 .text._ZN3usr5TCbuf4readEPhh
                0x00000000       0x2a scmRTOS\core\usrlib.o
 .text._ZN3usr5TCbuf3getEv
                0x00000000       0x10 scmRTOS\core\usrlib.o
 .debug_info    0x00000000      0x50e scmRTOS\core\usrlib.o
 .debug_abbrev  0x00000000      0x21a scmRTOS\core\usrlib.o
 .debug_loc     0x00000000      0x2ea scmRTOS\core\usrlib.o
 .debug_aranges
                0x00000000       0x58 scmRTOS\core\usrlib.o
 .debug_ranges  0x00000000       0x48 scmRTOS\core\usrlib.o
 .debug_line    0x00000000      0x29c scmRTOS\core\usrlib.o
 .debug_str     0x00000000      0x37d scmRTOS\core\usrlib.o
 .comment       0x00000000       0x7d scmRTOS\core\usrlib.o
 .debug_frame   0x00000000       0xc0 scmRTOS\core\usrlib.o
 .ARM.attributes
                0x00000000       0x39 scmRTOS\core\usrlib.o
 .text          0x00000000        0x0 scmRTOS\port\os_target.o
 .data          0x00000000        0x0 scmRTOS\port\os_target.o
 .bss           0x00000000        0x0 scmRTOS\port\os_target.o
 .text._Z17LOCK_SYSTEM_TIMERv
                0x00000000       0x10 scmRTOS\port\os_target.o
 .text._Z19UNLOCK_SYSTEM_TIMERv
                0x00000000       0x10 scmRTOS\port\os_target.o
 .text          0x00000000        0x0 scmRTOS\recursive-mutex\recursive_mutex.o
 .data          0x00000000        0x0 scmRTOS\recursive-mutex\recursive_mutex.o
 .bss           0x00000000        0x0 scmRTOS\recursive-mutex\recursive_mutex.o
 .text._ZN2OS15TRecursiveMutex4lockEv
                0x00000000       0x90 scmRTOS\recursive-mutex\recursive_mutex.o
 .text._ZN2OS15TRecursiveMutex6unlockEv
                0x00000000       0x48 scmRTOS\recursive-mutex\recursive_mutex.o
 .text._ZN2OS15TRecursiveMutex8try_lockEv
                0x00000000       0x3c scmRTOS\recursive-mutex\recursive_mutex.o
 .text._ZN2OS15TRecursiveMutex8try_lockEt
                0x00000000       0xbc scmRTOS\recursive-mutex\recursive_mutex.o
 .debug_info    0x00000000     0x122c scmRTOS\recursive-mutex\recursive_mutex.o
 .debug_abbrev  0x00000000      0x4d0 scmRTOS\recursive-mutex\recursive_mutex.o
 .debug_loc     0x00000000      0x3bc scmRTOS\recursive-mutex\recursive_mutex.o
 .debug_aranges
                0x00000000       0x38 scmRTOS\recursive-mutex\recursive_mutex.o
 .debug_ranges  0x00000000       0xa0 scmRTOS\recursive-mutex\recursive_mutex.o
 .debug_line    0x00000000      0x4ea scmRTOS\recursive-mutex\recursive_mutex.o
 .debug_str     0x00000000      0xeb6 scmRTOS\recursive-mutex\recursive_mutex.o
 .comment       0x00000000       0x7d scmRTOS\recursive-mutex\recursive_mutex.o
 .debug_frame   0x00000000       0x84 scmRTOS\recursive-mutex\recursive_mutex.o
 .ARM.attributes
                0x00000000       0x39 scmRTOS\recursive-mutex\recursive_mutex.o
 .text          0x00000000        0x0 src\main.o
 .data          0x00000000        0x0 src\main.o
 .bss           0x00000000        0x0 src\main.o
 .text          0x00000000       0x14 src\startup_stm32f40xx.o
 .data          0x00000000        0x0 src\startup_stm32f40xx.o
 .bss           0x00000000        0x0 src\startup_stm32f40xx.o
 .text          0x00000000        0x0 src\stm32f4xx_it.o
 .data          0x00000000        0x0 src\stm32f4xx_it.o
 .bss           0x00000000        0x0 src\stm32f4xx_it.o
 .text          0x00000000        0x0 src\system_stm32f4xx.o
 .data          0x00000000        0x0 src\system_stm32f4xx.o
 .bss           0x00000000        0x0 src\system_stm32f4xx.o
 .text.SystemCoreClockUpdate
                0x00000000       0xa0 src\system_stm32f4xx.o
 .data.AHBPrescTable
                0x00000000       0x10 src\system_stm32f4xx.o
 .data.SystemCoreClock
                0x00000000        0x4 src\system_stm32f4xx.o
 .text          0x00000000        0x0 src\tiny_printf.o
 .data          0x00000000        0x0 src\tiny_printf.o
 .bss           0x00000000        0x0 src\tiny_printf.o
 .text.ts_itoa  0x00000000       0x40 src\tiny_printf.o
 .text.ts_formatstring
                0x00000000       0xdc src\tiny_printf.o
 .text.ts_formatlength
                0x00000000       0x8e src\tiny_printf.o
 .text.siprintf
                0x00000000       0x1c src\tiny_printf.o
 .text.fiprintf
                0x00000000       0x4a src\tiny_printf.o
 .text.iprintf  0x00000000       0x46 src\tiny_printf.o
 .text.fputs    0x00000000       0x3c src\tiny_printf.o
 .text.puts     0x00000000       0x38 src\tiny_printf.o
 .text.fwrite   0x00000000       0x18 src\tiny_printf.o
 .rodata.fputs.str1.4
                0x00000000        0x2 src\tiny_printf.o
 .debug_info    0x00000000      0xe5f src\tiny_printf.o
 .debug_abbrev  0x00000000      0x2ff src\tiny_printf.o
 .debug_loc     0x00000000      0x52b src\tiny_printf.o
 .debug_aranges
                0x00000000       0x60 src\tiny_printf.o
 .debug_ranges  0x00000000       0x80 src\tiny_printf.o
 .debug_line    0x00000000      0x2de src\tiny_printf.o
 .debug_str     0x00000000      0x687 src\tiny_printf.o
 .comment       0x00000000       0x7d src\tiny_printf.o
 .debug_frame   0x00000000      0x168 src\tiny_printf.o
 .ARM.attributes
                0x00000000       0x39 src\tiny_printf.o
 .text          0x00000000        0x0 c:/program files (x86)/atollic/truestudio for arm 8.1.0/armtools/bin/../lib/gcc/arm-atollic-eabi/6.3.1/../../../../arm-atollic-eabi/lib/armv7e-m/fpu\libc_nano.a(lib_a-init.o)
 .data          0x00000000        0x0 c:/program files (x86)/atollic/truestudio for arm 8.1.0/armtools/bin/../lib/gcc/arm-atollic-eabi/6.3.1/../../../../arm-atollic-eabi/lib/armv7e-m/fpu\libc_nano.a(lib_a-init.o)
 .bss           0x00000000        0x0 c:/program files (x86)/atollic/truestudio for arm 8.1.0/armtools/bin/../lib/gcc/arm-atollic-eabi/6.3.1/../../../../arm-atollic-eabi/lib/armv7e-m/fpu\libc_nano.a(lib_a-init.o)
 .text          0x00000000       0x10 c:/program files (x86)/atollic/truestudio for arm 8.1.0/armtools/bin/../lib/gcc/arm-atollic-eabi/6.3.1/../../../../arm-atollic-eabi/lib/armv7e-m/fpu\libc_nano.a(lib_a-strlen.o)
 .data          0x00000000        0x0 c:/program files (x86)/atollic/truestudio for arm 8.1.0/armtools/bin/../lib/gcc/arm-atollic-eabi/6.3.1/../../../../arm-atollic-eabi/lib/armv7e-m/fpu\libc_nano.a(lib_a-strlen.o)
 .bss           0x00000000        0x0 c:/program files (x86)/atollic/truestudio for arm 8.1.0/armtools/bin/../lib/gcc/arm-atollic-eabi/6.3.1/../../../../arm-atollic-eabi/lib/armv7e-m/fpu\libc_nano.a(lib_a-strlen.o)
 .ARM.attributes
                0x00000000       0x1b c:/program files (x86)/atollic/truestudio for arm 8.1.0/armtools/bin/../lib/gcc/arm-atollic-eabi/6.3.1/../../../../arm-atollic-eabi/lib/armv7e-m/fpu\libc_nano.a(lib_a-strlen.o)
 .text          0x00000000        0x0 c:/program files (x86)/atollic/truestudio for arm 8.1.0/armtools/bin/../lib/gcc/arm-atollic-eabi/6.3.1/../../../../arm-atollic-eabi/lib/armv7e-m/fpu\libnosys.a(write.o)
 .data          0x00000000        0x0 c:/program files (x86)/atollic/truestudio for arm 8.1.0/armtools/bin/../lib/gcc/arm-atollic-eabi/6.3.1/../../../../arm-atollic-eabi/lib/armv7e-m/fpu\libnosys.a(write.o)
 .bss           0x00000000        0x0 c:/program files (x86)/atollic/truestudio for arm 8.1.0/armtools/bin/../lib/gcc/arm-atollic-eabi/6.3.1/../../../../arm-atollic-eabi/lib/armv7e-m/fpu\libnosys.a(write.o)
 .stab          0x00000000       0x24 c:/program files (x86)/atollic/truestudio for arm 8.1.0/armtools/bin/../lib/gcc/arm-atollic-eabi/6.3.1/../../../../arm-atollic-eabi/lib/armv7e-m/fpu\libnosys.a(write.o)
 .text._write   0x00000000       0x10 c:/program files (x86)/atollic/truestudio for arm 8.1.0/armtools/bin/../lib/gcc/arm-atollic-eabi/6.3.1/../../../../arm-atollic-eabi/lib/armv7e-m/fpu\libnosys.a(write.o)
 .debug_frame   0x00000000       0x20 c:/program files (x86)/atollic/truestudio for arm 8.1.0/armtools/bin/../lib/gcc/arm-atollic-eabi/6.3.1/../../../../arm-atollic-eabi/lib/armv7e-m/fpu\libnosys.a(write.o)
 .ARM.attributes
                0x00000000       0x34 c:/program files (x86)/atollic/truestudio for arm 8.1.0/armtools/bin/../lib/gcc/arm-atollic-eabi/6.3.1/../../../../arm-atollic-eabi/lib/armv7e-m/fpu\libnosys.a(write.o)
 .text          0x00000000        0x0 c:/program files (x86)/atollic/truestudio for arm 8.1.0/armtools/bin/../lib/gcc/arm-atollic-eabi/6.3.1/../../../../arm-atollic-eabi/lib/armv7e-m/fpu\libnosys.a(errno.o)
 .data          0x00000000        0x0 c:/program files (x86)/atollic/truestudio for arm 8.1.0/armtools/bin/../lib/gcc/arm-atollic-eabi/6.3.1/../../../../arm-atollic-eabi/lib/armv7e-m/fpu\libnosys.a(errno.o)
 .bss           0x00000000        0x0 c:/program files (x86)/atollic/truestudio for arm 8.1.0/armtools/bin/../lib/gcc/arm-atollic-eabi/6.3.1/../../../../arm-atollic-eabi/lib/armv7e-m/fpu\libnosys.a(errno.o)
 .ARM.attributes
                0x00000000       0x34 c:/program files (x86)/atollic/truestudio for arm 8.1.0/armtools/bin/../lib/gcc/arm-atollic-eabi/6.3.1/../../../../arm-atollic-eabi/lib/armv7e-m/fpu\libnosys.a(errno.o)
 COMMON         0x00000000        0x4 c:/program files (x86)/atollic/truestudio for arm 8.1.0/armtools/bin/../lib/gcc/arm-atollic-eabi/6.3.1/../../../../arm-atollic-eabi/lib/armv7e-m/fpu\libnosys.a(errno.o)
 .text          0x00000000        0x0 c:/program files (x86)/atollic/truestudio for arm 8.1.0/armtools/bin/../lib/gcc/arm-atollic-eabi/6.3.1/armv7e-m/fpu/crtend.o
 .data          0x00000000        0x0 c:/program files (x86)/atollic/truestudio for arm 8.1.0/armtools/bin/../lib/gcc/arm-atollic-eabi/6.3.1/armv7e-m/fpu/crtend.o
 .bss           0x00000000        0x0 c:/program files (x86)/atollic/truestudio for arm 8.1.0/armtools/bin/../lib/gcc/arm-atollic-eabi/6.3.1/armv7e-m/fpu/crtend.o
 .eh_frame      0x00000000        0x4 c:/program files (x86)/atollic/truestudio for arm 8.1.0/armtools/bin/../lib/gcc/arm-atollic-eabi/6.3.1/armv7e-m/fpu/crtend.o
 .ARM.attributes
                0x00000000       0x34 c:/program files (x86)/atollic/truestudio for arm 8.1.0/armtools/bin/../lib/gcc/arm-atollic-eabi/6.3.1/armv7e-m/fpu/crtend.o
 .text          0x00000000        0x0 c:/program files (x86)/atollic/truestudio for arm 8.1.0/armtools/bin/../lib/gcc/arm-atollic-eabi/6.3.1/armv7e-m/fpu/crtn.o
 .data          0x00000000        0x0 c:/program files (x86)/atollic/truestudio for arm 8.1.0/armtools/bin/../lib/gcc/arm-atollic-eabi/6.3.1/armv7e-m/fpu/crtn.o
 .bss           0x00000000        0x0 c:/program files (x86)/atollic/truestudio for arm 8.1.0/armtools/bin/../lib/gcc/arm-atollic-eabi/6.3.1/armv7e-m/fpu/crtn.o

Memory Configuration

Name             Origin             Length             Attributes
FLASH            0x08000000         0x00080000         xr
RAM              0x20000000         0x00018000         xrw
MEMORY_B1        0x60000000         0x00000000         xr
CCMRAM           0x10000000         0x00010000         rw
*default*        0x00000000         0xffffffff

Linker script and memory map

LOAD c:/program files (x86)/atollic/truestudio for arm 8.1.0/armtools/bin/../lib/gcc/arm-atollic-eabi/6.3.1/armv7e-m/fpu/crti.o
LOAD c:/program files (x86)/atollic/truestudio for arm 8.1.0/armtools/bin/../lib/gcc/arm-atollic-eabi/6.3.1/armv7e-m/fpu/crtbegin.o
LOAD scmRTOS\core\os_kernel.o
LOAD scmRTOS\core\os_services.o
LOAD scmRTOS\core\usrlib.o
LOAD scmRTOS\port\os_target.o
LOAD scmRTOS\recursive-mutex\recursive_mutex.o
LOAD src\main.o
LOAD src\startup_stm32f40xx.o
LOAD src\stm32f4xx_it.o
LOAD src\system_stm32f4xx.o
LOAD src\tiny_printf.o
                0x00001000                malloc_getpagesize_P = 0x1000
START GROUP
LOAD c:/program files (x86)/atollic/truestudio for arm 8.1.0/armtools/bin/../lib/gcc/arm-atollic-eabi/6.3.1/../../../../arm-atollic-eabi/lib/armv7e-m/fpu\libstdc++_nano.a
LOAD c:/program files (x86)/atollic/truestudio for arm 8.1.0/armtools/bin/../lib/gcc/arm-atollic-eabi/6.3.1/../../../../arm-atollic-eabi/lib/armv7e-m/fpu\libsupc++_nano.a
END GROUP
LOAD c:/program files (x86)/atollic/truestudio for arm 8.1.0/armtools/bin/../lib/gcc/arm-atollic-eabi/6.3.1/../../../../arm-atollic-eabi/lib/armv7e-m/fpu\libstdc++_nano.a
LOAD c:/program files (x86)/atollic/truestudio for arm 8.1.0/armtools/bin/../lib/gcc/arm-atollic-eabi/6.3.1/../../../../arm-atollic-eabi/lib/armv7e-m/fpu\libm.a
LOAD c:/program files (x86)/atollic/truestudio for arm 8.1.0/armtools/bin/../lib/gcc/arm-atollic-eabi/6.3.1/../../../../arm-atollic-eabi/lib/armv7e-m/fpu\libc_nano.a
START GROUP
LOAD c:/program files (x86)/atollic/truestudio for arm 8.1.0/armtools/bin/../lib/gcc/arm-atollic-eabi/6.3.1/armv7e-m/fpu\libgcc.a
LOAD c:/program files (x86)/atollic/truestudio for arm 8.1.0/armtools/bin/../lib/gcc/arm-atollic-eabi/6.3.1/../../../../arm-atollic-eabi/lib/armv7e-m/fpu\libc_nano.a
END GROUP
START GROUP
LOAD c:/program files (x86)/atollic/truestudio for arm 8.1.0/armtools/bin/../lib/gcc/arm-atollic-eabi/6.3.1/armv7e-m/fpu\libgcc.a
LOAD c:/program files (x86)/atollic/truestudio for arm 8.1.0/armtools/bin/../lib/gcc/arm-atollic-eabi/6.3.1/../../../../arm-atollic-eabi/lib/armv7e-m/fpu\libc_nano.a
LOAD c:/program files (x86)/atollic/truestudio for arm 8.1.0/armtools/bin/../lib/gcc/arm-atollic-eabi/6.3.1/../../../../arm-atollic-eabi/lib/armv7e-m/fpu\libnosys.a
END GROUP
START GROUP
LOAD c:/program files (x86)/atollic/truestudio for arm 8.1.0/armtools/bin/../lib/gcc/arm-atollic-eabi/6.3.1/armv7e-m/fpu\libgcc.a
LOAD c:/program files (x86)/atollic/truestudio for arm 8.1.0/armtools/bin/../lib/gcc/arm-atollic-eabi/6.3.1/../../../../arm-atollic-eabi/lib/armv7e-m/fpu\libc_nano.a
LOAD c:/program files (x86)/atollic/truestudio for arm 8.1.0/armtools/bin/../lib/gcc/arm-atollic-eabi/6.3.1/../../../../arm-atollic-eabi/lib/armv7e-m/fpu\libnosys.a
END GROUP
LOAD c:/program files (x86)/atollic/truestudio for arm 8.1.0/armtools/bin/../lib/gcc/arm-atollic-eabi/6.3.1/armv7e-m/fpu/crtend.o
LOAD c:/program files (x86)/atollic/truestudio for arm 8.1.0/armtools/bin/../lib/gcc/arm-atollic-eabi/6.3.1/armv7e-m/fpu/crtn.o
                0x20018000                _estack = 0x20018000
                0x00000000                _Min_Heap_Size = 0x0
                0x00000400                _Min_Stack_Size = 0x400

.isr_vector     0x08000000      0x188
                0x08000000                . = ALIGN (0x4)
 *(.isr_vector)
 .isr_vector    0x08000000      0x188 src\startup_stm32f40xx.o
                0x08000000                g_pfnVectors
                0x08000188                . = ALIGN (0x4)

.text           0x08000188      0x770
                0x08000188                . = ALIGN (0x4)
 *(.text)
 .text          0x08000188       0x40 c:/program files (x86)/atollic/truestudio for arm 8.1.0/armtools/bin/../lib/gcc/arm-atollic-eabi/6.3.1/armv7e-m/fpu/crtbegin.o
 *(.text*)
 .text._ZN2OS7processILNS_9TPriorityE0ELj400ELNS_18TProcessStartStateE0EE4execEv
                0x080001c8        0x2 scmRTOS\core\os_kernel.o
                0x080001c8                OS::process<(OS::TPriority)0, 400u, (OS::TProcessStartState)0>::exec()
 *fill*         0x080001ca        0x2 
 .text._ZN2OS7TKernel5schedEv
                0x080001cc       0x30 scmRTOS\core\os_kernel.o
                0x080001cc                OS::TKernel::sched()
 .text.os_context_switch_hook
                0x080001fc       0x24 scmRTOS\core\os_kernel.o
                0x080001fc                os_context_switch_hook
 .text._ZN2OS12TBaseProcessC2EPmNS_9TPriorityEPFvvES1_PKc
                0x08000220       0x30 scmRTOS\core\os_kernel.o
                0x08000220                OS::TBaseProcess::TBaseProcess(unsigned long*, OS::TPriority, void (*)(), unsigned long*, char const*)
                0x08000220                OS::TBaseProcess::TBaseProcess(unsigned long*, OS::TPriority, void (*)(), unsigned long*, char const*)
 .text._Z41__static_initialization_and_destruction_0ii
                0x08000250       0x4c scmRTOS\core\os_kernel.o
 .text._GLOBAL__sub_I__ZN2OS6KernelE
                0x0800029c        0xe scmRTOS\core\os_kernel.o
 *fill*         0x080002aa        0x2 
 .text._ZN2OS10TEventFlag4waitEt
                0x080002ac       0x9c scmRTOS\core\os_services.o
                0x080002ac                OS::TEventFlag::wait(unsigned short)
 .text._ZN2OS12TBaseProcess16init_stack_frameEPmPFvvES1_
                0x08000348       0x58 scmRTOS\port\os_target.o
                0x08000348                OS::TBaseProcess::init_stack_frame(unsigned long*, void (*)(), unsigned long*)
 .text.PendSV_Handler
                0x080003a0       0x34 scmRTOS\port\os_target.o
                0x080003a0                PendSVC_ISR
                0x080003a0                PendSV_Handler
 .text.SysTick_Handler
                0x080003d4       0xac scmRTOS\port\os_target.o
                0x080003d4                SysTick_Handler
 .text.__init_system_timer
                0x08000480       0x1c scmRTOS\port\os_target.o
                0x08000480                __init_system_timer
 .text.os_start
                0x0800049c       0x3c scmRTOS\port\os_target.o
                0x0800049c                os_start
 .text._ZN2OS7processILNS_9TPriorityE2ELj300ELNS_18TProcessStartStateE0EE4execEv
                0x080004d8       0x20 src\main.o
                0x080004d8                OS::process<(OS::TPriority)2, 300u, (OS::TProcessStartState)0>::exec()
 .text._ZN2OS7processILNS_9TPriorityE1ELj300ELNS_18TProcessStartStateE0EE4execEv
                0x080004f8       0x20 src\main.o
                0x080004f8                OS::process<(OS::TPriority)1, 300u, (OS::TProcessStartState)0>::exec()
 .text._Z41__static_initialization_and_destruction_0ii
                0x08000518       0x68 src\main.o
 .text.main     0x08000580       0x9c src\main.o
                0x08000580                main
 .text.TIM2_IRQHandler
                0x0800061c       0xf8 src\main.o
                0x0800061c                TIM2_IRQHandler
 .text._GLOBAL__sub_I_i
                0x08000714        0xe src\main.o
 *fill*         0x08000722        0x2 
 .text.Reset_Handler
                0x08000724       0x50 src\startup_stm32f40xx.o
                0x08000724                Reset_Handler
 .text.Default_Handler
                0x08000774        0x2 src\startup_stm32f40xx.o
                0x08000774                RTC_Alarm_IRQHandler
                0x08000774                HASH_RNG_IRQHandler
                0x08000774                EXTI2_IRQHandler
                0x08000774                TIM8_CC_IRQHandler
                0x08000774                TIM1_CC_IRQHandler
                0x08000774                DMA2_Stream5_IRQHandler
                0x08000774                DMA1_Stream5_IRQHandler
                0x08000774                PVD_IRQHandler
                0x08000774                SDIO_IRQHandler
                0x08000774                TAMP_STAMP_IRQHandler
                0x08000774                CAN2_RX1_IRQHandler
                0x08000774                EXTI3_IRQHandler
                0x08000774                TIM8_TRG_COM_TIM14_IRQHandler
                0x08000774                TIM1_UP_TIM10_IRQHandler
                0x08000774                TIM8_UP_TIM13_IRQHandler
                0x08000774                I2C3_ER_IRQHandler
                0x08000774                EXTI0_IRQHandler
                0x08000774                I2C2_EV_IRQHandler
                0x08000774                DMA1_Stream2_IRQHandler
                0x08000774                CAN1_RX0_IRQHandler
                0x08000774                FPU_IRQHandler
                0x08000774                OTG_HS_WKUP_IRQHandler
                0x08000774                CAN2_SCE_IRQHandler
                0x08000774                DMA2_Stream2_IRQHandler
                0x08000774                SPI1_IRQHandler
                0x08000774                TIM6_DAC_IRQHandler
                0x08000774                TIM1_BRK_TIM9_IRQHandler
                0x08000774                DCMI_IRQHandler
                0x08000774                CAN2_RX0_IRQHandler
                0x08000774                DMA2_Stream3_IRQHandler
                0x08000774                USART6_IRQHandler
                0x08000774                USART3_IRQHandler
                0x08000774                CRYP_IRQHandler
                0x08000774                CAN1_RX1_IRQHandler
                0x08000774                UART5_IRQHandler
                0x08000774                DMA2_Stream0_IRQHandler
                0x08000774                TIM4_IRQHandler
                0x08000774                I2C1_EV_IRQHandler
                0x08000774                DMA1_Stream6_IRQHandler
                0x08000774                DMA1_Stream1_IRQHandler
                0x08000774                UART4_IRQHandler
                0x08000774                TIM3_IRQHandler
                0x08000774                RCC_IRQHandler
                0x08000774                TIM8_BRK_TIM12_IRQHandler
                0x08000774                Default_Handler
                0x08000774                EXTI15_10_IRQHandler
                0x08000774                ADC_IRQHandler
                0x08000774                DMA1_Stream7_IRQHandler
                0x08000774                TIM7_IRQHandler
                0x08000774                CAN2_TX_IRQHandler
                0x08000774                TIM5_IRQHandler
                0x08000774                DMA2_Stream7_IRQHandler
                0x08000774                I2C3_EV_IRQHandler
                0x08000774                EXTI9_5_IRQHandler
                0x08000774                RTC_WKUP_IRQHandler
                0x08000774                ETH_WKUP_IRQHandler
                0x08000774                SPI2_IRQHandler
                0x08000774                OTG_HS_EP1_IN_IRQHandler
                0x08000774                DMA1_Stream0_IRQHandler
                0x08000774                CAN1_TX_IRQHandler
                0x08000774                EXTI4_IRQHandler
                0x08000774                FSMC_IRQHandler
                0x08000774                ETH_IRQHandler
                0x08000774                OTG_HS_EP1_OUT_IRQHandler
                0x08000774                WWDG_IRQHandler
                0x08000774                OTG_FS_WKUP_IRQHandler
                0x08000774                TIM1_TRG_COM_TIM11_IRQHandler
                0x08000774                OTG_HS_IRQHandler
                0x08000774                EXTI1_IRQHandler
                0x08000774                USART2_IRQHandler
                0x08000774                I2C2_ER_IRQHandler
                0x08000774                DMA2_Stream1_IRQHandler
                0x08000774                CAN1_SCE_IRQHandler
                0x08000774                FLASH_IRQHandler
                0x08000774                DMA2_Stream4_IRQHandler
                0x08000774                USART1_IRQHandler
                0x08000774                OTG_FS_IRQHandler
                0x08000774                SPI3_IRQHandler
                0x08000774                DMA1_Stream4_IRQHandler
                0x08000774                I2C1_ER_IRQHandler
                0x08000774                DMA2_Stream6_IRQHandler
                0x08000774                DMA1_Stream3_IRQHandler
 .text.NMI_Handler
                0x08000776        0x2 src\stm32f4xx_it.o
                0x08000776                NMI_Handler
 .text.HardFault_Handler
                0x08000778        0x2 src\stm32f4xx_it.o
                0x08000778                HardFault_Handler
 .text.MemManage_Handler
                0x0800077a        0x2 src\stm32f4xx_it.o
                0x0800077a                MemManage_Handler
 .text.BusFault_Handler
                0x0800077c        0x2 src\stm32f4xx_it.o
                0x0800077c                BusFault_Handler
 .text.UsageFault_Handler
                0x0800077e        0x2 src\stm32f4xx_it.o
                0x0800077e                UsageFault_Handler
 .text.SVC_Handler
                0x08000780        0x2 src\stm32f4xx_it.o
                0x08000780                SVC_Handler
 .text.DebugMon_Handler
                0x08000782        0x2 src\stm32f4xx_it.o
                0x08000782                DebugMon_Handler
 .text.SetSysClock
                0x08000784       0xc4 src\system_stm32f4xx.o
 .text.SystemInit
                0x08000848       0x50 src\system_stm32f4xx.o
                0x08000848                SystemInit
 .text.__libc_init_array
                0x08000898       0x48 c:/program files (x86)/atollic/truestudio for arm 8.1.0/armtools/bin/../lib/gcc/arm-atollic-eabi/6.3.1/../../../../arm-atollic-eabi/lib/armv7e-m/fpu\libc_nano.a(lib_a-init.o)
                0x08000898                __libc_init_array
 *(.glue_7)
 .glue_7        0x080008e0        0x0 linker stubs
 *(.glue_7t)
 .glue_7t       0x080008e0        0x0 linker stubs
 *(.eh_frame)
 .eh_frame      0x080008e0        0x0 c:/program files (x86)/atollic/truestudio for arm 8.1.0/armtools/bin/../lib/gcc/arm-atollic-eabi/6.3.1/armv7e-m/fpu/crtbegin.o
 *(.init)
 .init          0x080008e0        0x4 c:/program files (x86)/atollic/truestudio for arm 8.1.0/armtools/bin/../lib/gcc/arm-atollic-eabi/6.3.1/armv7e-m/fpu/crti.o
                0x080008e0                _init
 .init          0x080008e4        0x8 c:/program files (x86)/atollic/truestudio for arm 8.1.0/armtools/bin/../lib/gcc/arm-atollic-eabi/6.3.1/armv7e-m/fpu/crtn.o
 *(.fini)
 .fini          0x080008ec        0x4 c:/program files (x86)/atollic/truestudio for arm 8.1.0/armtools/bin/../lib/gcc/arm-atollic-eabi/6.3.1/armv7e-m/fpu/crti.o
                0x080008ec                _fini
 .fini          0x080008f0        0x8 c:/program files (x86)/atollic/truestudio for arm 8.1.0/armtools/bin/../lib/gcc/arm-atollic-eabi/6.3.1/armv7e-m/fpu/crtn.o
                0x080008f8                . = ALIGN (0x4)
                0x080008f8                _etext = .

.vfp11_veneer   0x080008f8        0x0
 .vfp11_veneer  0x080008f8        0x0 linker stubs

.v4_bx          0x080008f8        0x0
 .v4_bx         0x080008f8        0x0 linker stubs

.iplt           0x080008f8        0x0
 .iplt          0x080008f8        0x0 c:/program files (x86)/atollic/truestudio for arm 8.1.0/armtools/bin/../lib/gcc/arm-atollic-eabi/6.3.1/armv7e-m/fpu/crtbegin.o

.rodata         0x080008f8        0xc
                0x080008f8                . = ALIGN (0x4)
 *(.rodata)
 *(.rodata*)
 .rodata._Z41__static_initialization_and_destruction_0ii.str1.4
                0x080008f8        0x8 scmRTOS\core\os_kernel.o
                                  0x5 (size before relaxing)
 .rodata._ZN2OS9DebugInfoE
                0x08000900        0x3 scmRTOS\port\os_target.o
                0x08000900                OS::DebugInfo
                0x08000904                . = ALIGN (0x4)
 *fill*         0x08000903        0x1 

.rel.dyn        0x08000904        0x0
 .rel.iplt      0x08000904        0x0 c:/program files (x86)/atollic/truestudio for arm 8.1.0/armtools/bin/../lib/gcc/arm-atollic-eabi/6.3.1/armv7e-m/fpu/crtbegin.o

.ARM.extab
 *(.ARM.extab* .gnu.linkonce.armextab.*)

.ARM            0x08000904        0x0
                0x08000904                __exidx_start = .
 *(.ARM.exidx*)
                0x08000904                __exidx_end = .

.preinit_array  0x08000904        0x0
                0x08000904                PROVIDE (__preinit_array_start, .)
 *(.preinit_array*)
                0x08000904                PROVIDE (__preinit_array_end, .)

.init_array     0x08000904        0xc
                0x08000904                PROVIDE (__init_array_start, .)
 *(SORT(.init_array.*))
 *(.init_array*)
 .init_array    0x08000904        0x4 c:/program files (x86)/atollic/truestudio for arm 8.1.0/armtools/bin/../lib/gcc/arm-atollic-eabi/6.3.1/armv7e-m/fpu/crtbegin.o
 .init_array    0x08000908        0x4 scmRTOS\core\os_kernel.o
 .init_array    0x0800090c        0x4 src\main.o
                0x08000910                PROVIDE (__init_array_end, .)

.fini_array     0x08000910        0x4
                [!provide]                PROVIDE (__fini_array_start, .)
 *(SORT(.fini_array.*))
 *(.fini_array*)
 .fini_array    0x08000910        0x4 c:/program files (x86)/atollic/truestudio for arm 8.1.0/armtools/bin/../lib/gcc/arm-atollic-eabi/6.3.1/armv7e-m/fpu/crtbegin.o
                [!provide]                PROVIDE (__fini_array_end, .)
                0x08000914                _sidata = LOADADDR (.data)

.data           0x20000000        0x4 load address 0x08000914
                0x20000000                . = ALIGN (0x4)
                0x20000000                _sdata = .
 *(.data)
 *(.data*)
 .data._ZN2OS12TBaseProcess19SuspendedProcessMapE
                0x20000000        0x4 scmRTOS\core\os_kernel.o
                0x20000000                OS::TBaseProcess::SuspendedProcessMap
                0x20000004                . = ALIGN (0x4)
                0x20000004                _edata = .
                0x08000918                _siccmram = LOADADDR (.ccmram)

.igot.plt       0x20000004        0x0 load address 0x08000918
 .igot.plt      0x20000004        0x0 c:/program files (x86)/atollic/truestudio for arm 8.1.0/armtools/bin/../lib/gcc/arm-atollic-eabi/6.3.1/armv7e-m/fpu/crtbegin.o

.ccmram         0x10000000        0x0 load address 0x08000918
                0x10000000                . = ALIGN (0x4)
                0x10000000                _sccmram = .
 *(.ccmram)
 *(.ccmram*)
                0x10000000                . = ALIGN (0x4)
                0x10000000                _eccmram = .
                0x10000000                . = ALIGN (0x4)

.bss            0x20000004      0x480
                0x20000004                _sbss = .
                0x20000004                __bss_start__ = _sbss
 *(.bss)
 .bss           0x20000004       0x1c c:/program files (x86)/atollic/truestudio for arm 8.1.0/armtools/bin/../lib/gcc/arm-atollic-eabi/6.3.1/armv7e-m/fpu/crtbegin.o
 *(.bss*)
 .bss._ZN2OS6KernelE
                0x20000020       0x14 scmRTOS\core\os_kernel.o
                0x20000020                OS::Kernel
 .bss._ZN2OS7TKernel12ProcessTableE
                0x20000034        0xc scmRTOS\core\os_kernel.o
                0x20000034                OS::TKernel::ProcessTable
 .bss._ZN2OS8IdleProcE
                0x20000040      0x1a8 scmRTOS\core\os_kernel.o
                0x20000040                OS::IdleProc
 .bss.Proc0     0x200001e8      0x144 src\main.o
                0x200001e8                Proc0
 .bss.Proc1     0x2000032c      0x144 src\main.o
                0x2000032c                Proc1
 .bss._ev       0x20000470        0x8 src\main.o
                0x20000470                _ev
 .bss._ev1      0x20000478        0x8 src\main.o
                0x20000478                _ev1
 .bss.i         0x20000480        0x4 src\main.o
                0x20000480                i
 *(COMMON)
                0x20000484                . = ALIGN (0x4)
                0x20000484                _ebss = .
                0x20000484                __bss_end__ = _ebss

._user_heap_stack
                0x20000484      0x400
                0x20000484                . = ALIGN (0x4)
                [!provide]                PROVIDE (end, .)
                [!provide]                PROVIDE (_end, .)
                0x20000484                . = (. + _Min_Heap_Size)
                0x20000884                . = (. + _Min_Stack_Size)
 *fill*         0x20000484      0x400 
                0x20000884                . = ALIGN (0x4)

.memory_b1_text
 *(.mb1text)
 *(.mb1text*)
 *(.mb1rodata)
 *(.mb1rodata*)

/DISCARD/
 libc.a(*)
 libm.a(*)
 libgcc.a(*)

.ARM.attributes
                0x00000000       0x30
 *(.ARM.attributes)
 .ARM.attributes
                0x00000000       0x22 c:/program files (x86)/atollic/truestudio for arm 8.1.0/armtools/bin/../lib/gcc/arm-atollic-eabi/6.3.1/armv7e-m/fpu/crti.o
 .ARM.attributes
                0x00000022       0x34 c:/program files (x86)/atollic/truestudio for arm 8.1.0/armtools/bin/../lib/gcc/arm-atollic-eabi/6.3.1/armv7e-m/fpu/crtbegin.o
 .ARM.attributes
                0x00000056       0x39 scmRTOS\core\os_kernel.o
 .ARM.attributes
                0x0000008f       0x39 scmRTOS\core\os_services.o
 .ARM.attributes
                0x000000c8       0x39 scmRTOS\port\os_target.o
 .ARM.attributes
                0x00000101       0x39 src\main.o
 .ARM.attributes
                0x0000013a       0x21 src\startup_stm32f40xx.o
 .ARM.attributes
                0x0000015b       0x39 src\stm32f4xx_it.o
 .ARM.attributes
                0x00000194       0x39 src\system_stm32f4xx.o
 .ARM.attributes
                0x000001cd       0x34 c:/program files (x86)/atollic/truestudio for arm 8.1.0/armtools/bin/../lib/gcc/arm-atollic-eabi/6.3.1/../../../../arm-atollic-eabi/lib/armv7e-m/fpu\libc_nano.a(lib_a-init.o)
 .ARM.attributes
                0x00000201       0x22 c:/program files (x86)/atollic/truestudio for arm 8.1.0/armtools/bin/../lib/gcc/arm-atollic-eabi/6.3.1/armv7e-m/fpu/crtn.o
OUTPUT(scmRTOS.elf elf32-littlearm)

.debug_info     0x00000000     0x74f3
 .debug_info    0x00000000     0x13bf scmRTOS\core\os_kernel.o
 .debug_info    0x000013bf     0x267b scmRTOS\core\os_services.o
 .debug_info    0x00003a3a     0x15a1 scmRTOS\port\os_target.o
 .debug_info    0x00004fdb     0x1dfa src\main.o
 .debug_info    0x00006dd5      0x132 src\stm32f4xx_it.o
 .debug_info    0x00006f07      0x5ec src\system_stm32f4xx.o

.debug_abbrev   0x00000000     0x1bbf
 .debug_abbrev  0x00000000      0x605 scmRTOS\core\os_kernel.o
 .debug_abbrev  0x00000605      0x620 scmRTOS\core\os_services.o
 .debug_abbrev  0x00000c25      0x6be scmRTOS\port\os_target.o
 .debug_abbrev  0x000012e3      0x6f2 src\main.o
 .debug_abbrev  0x000019d5       0x78 src\stm32f4xx_it.o
 .debug_abbrev  0x00001a4d      0x172 src\system_stm32f4xx.o

.debug_loc      0x00000000     0x18f1
 .debug_loc     0x00000000      0x516 scmRTOS\core\os_kernel.o
 .debug_loc     0x00000516      0xc0e scmRTOS\core\os_services.o
 .debug_loc     0x00001124      0x280 scmRTOS\port\os_target.o
 .debug_loc     0x000013a4      0x40f src\main.o
 .debug_loc     0x000017b3      0x13e src\system_stm32f4xx.o

.debug_aranges  0x00000000      0x1f0
 .debug_aranges
                0x00000000       0x68 scmRTOS\core\os_kernel.o
 .debug_aranges
                0x00000068       0x70 scmRTOS\core\os_services.o
 .debug_aranges
                0x000000d8       0x50 scmRTOS\port\os_target.o
 .debug_aranges
                0x00000128       0x48 src\main.o
 .debug_aranges
                0x00000170       0x50 src\stm32f4xx_it.o
 .debug_aranges
                0x000001c0       0x30 src\system_stm32f4xx.o

.debug_ranges   0x00000000      0x478
 .debug_ranges  0x00000000       0xa0 scmRTOS\core\os_kernel.o
 .debug_ranges  0x000000a0      0x270 scmRTOS\core\os_services.o
 .debug_ranges  0x00000310       0x70 scmRTOS\port\os_target.o
 .debug_ranges  0x00000380       0x98 src\main.o
 .debug_ranges  0x00000418       0x40 src\stm32f4xx_it.o
 .debug_ranges  0x00000458       0x20 src\system_stm32f4xx.o

.debug_line     0x00000000     0x17d4
 .debug_line    0x00000000      0x443 scmRTOS\core\os_kernel.o
 .debug_line    0x00000443      0x72b scmRTOS\core\os_services.o
 .debug_line    0x00000b6e      0x3da scmRTOS\port\os_target.o
 .debug_line    0x00000f48      0x48c src\main.o
 .debug_line    0x000013d4      0x1ea src\stm32f4xx_it.o
 .debug_line    0x000015be      0x216 src\system_stm32f4xx.o

.debug_str      0x00000000     0x24fc
 .debug_str     0x00000000     0x106c scmRTOS\core\os_kernel.o
                               0x117a (size before relaxing)
 .debug_str     0x0000106c      0x464 scmRTOS\core\os_services.o
                               0x12f5 (size before relaxing)
 .debug_str     0x000014d0      0x3a4 scmRTOS\port\os_target.o
                               0x1280 (size before relaxing)
 .debug_str     0x00001874      0xa27 src\main.o
                               0x1a47 (size before relaxing)
 .debug_str     0x0000229b      0x14f src\stm32f4xx_it.o
                                0x24c (size before relaxing)
 .debug_str     0x000023ea      0x112 src\system_stm32f4xx.o
                                0x3fe (size before relaxing)

.comment        0x00000000       0x7c
 .comment       0x00000000       0x7c scmRTOS\core\os_kernel.o
                                 0x7d (size before relaxing)
 .comment       0x0000007c       0x7d scmRTOS\core\os_services.o
 .comment       0x0000007c       0x7d scmRTOS\port\os_target.o
 .comment       0x0000007c       0x7d src\main.o
 .comment       0x0000007c       0x7d src\stm32f4xx_it.o
 .comment       0x0000007c       0x7d src\system_stm32f4xx.o

.debug_frame    0x00000000      0x4a0
 .debug_frame   0x00000000       0xe8 scmRTOS\core\os_kernel.o
 .debug_frame   0x000000e8      0x164 scmRTOS\core\os_services.o
 .debug_frame   0x0000024c       0xa0 scmRTOS\port\os_target.o
 .debug_frame   0x000002ec       0xb4 src\main.o
 .debug_frame   0x000003a0       0x80 src\stm32f4xx_it.o
 .debug_frame   0x00000420       0x54 src\system_stm32f4xx.o
 .debug_frame   0x00000474       0x2c c:/program files (x86)/atollic/truestudio for arm 8.1.0/armtools/bin/../lib/gcc/arm-atollic-eabi/6.3.1/../../../../arm-atollic-eabi/lib/armv7e-m/fpu\libc_nano.a(lib_a-init.o)

.stabstr        0x00000000       0x3f
 .stabstr       0x00000000       0x3f c:/program files (x86)/atollic/truestudio for arm 8.1.0/armtools/bin/../lib/gcc/arm-atollic-eabi/6.3.1/../../../../arm-atollic-eabi/lib/armv7e-m/fpu\libnosys.a(write.o)

Cross Reference Table

Symbol                                            File
ADC_IRQHandler                                    src\startup_stm32f40xx.o
AHBPrescTable                                     src\system_stm32f4xx.o
BusFault_Handler                                  src\stm32f4xx_it.o
                                                  src\startup_stm32f40xx.o
CAN1_RX0_IRQHandler                               src\startup_stm32f40xx.o
CAN1_RX1_IRQHandler                               src\startup_stm32f40xx.o
CAN1_SCE_IRQHandler                               src\startup_stm32f40xx.o
CAN1_TX_IRQHandler                                src\startup_stm32f40xx.o
CAN2_RX0_IRQHandler                               src\startup_stm32f40xx.o
CAN2_RX1_IRQHandler                               src\startup_stm32f40xx.o
CAN2_SCE_IRQHandler                               src\startup_stm32f40xx.o
CAN2_TX_IRQHandler                                src\startup_stm32f40xx.o
CRYP_IRQHandler                                   src\startup_stm32f40xx.o
DCMI_IRQHandler                                   src\startup_stm32f40xx.o
DMA1_Stream0_IRQHandler                           src\startup_stm32f40xx.o
DMA1_Stream1_IRQHandler                           src\startup_stm32f40xx.o
DMA1_Stream2_IRQHandler                           src\startup_stm32f40xx.o
DMA1_Stream3_IRQHandler                           src\startup_stm32f40xx.o
DMA1_Stream4_IRQHandler                           src\startup_stm32f40xx.o
DMA1_Stream5_IRQHandler                           src\startup_stm32f40xx.o
DMA1_Stream6_IRQHandler                           src\startup_stm32f40xx.o
DMA1_Stream7_IRQHandler                           src\startup_stm32f40xx.o
DMA2_Stream0_IRQHandler                           src\startup_stm32f40xx.o
DMA2_Stream1_IRQHandler                           src\startup_stm32f40xx.o
DMA2_Stream2_IRQHandler                           src\startup_stm32f40xx.o
DMA2_Stream3_IRQHandler                           src\startup_stm32f40xx.o
DMA2_Stream4_IRQHandler                           src\startup_stm32f40xx.o
DMA2_Stream5_IRQHandler                           src\startup_stm32f40xx.o
DMA2_Stream6_IRQHandler                           src\startup_stm32f40xx.o
DMA2_Stream7_IRQHandler                           src\startup_stm32f40xx.o
DebugMon_Handler                                  src\stm32f4xx_it.o
                                                  src\startup_stm32f40xx.o
Default_Handler                                   src\startup_stm32f40xx.o
ETH_IRQHandler                                    src\startup_stm32f40xx.o
ETH_WKUP_IRQHandler                               src\startup_stm32f40xx.o
EXTI0_IRQHandler                                  src\startup_stm32f40xx.o
EXTI15_10_IRQHandler                              src\startup_stm32f40xx.o
EXTI1_IRQHandler                                  src\startup_stm32f40xx.o
EXTI2_IRQHandler                                  src\startup_stm32f40xx.o
EXTI3_IRQHandler                                  src\startup_stm32f40xx.o
EXTI4_IRQHandler                                  src\startup_stm32f40xx.o
EXTI9_5_IRQHandler                                src\startup_stm32f40xx.o
FLASH_IRQHandler                                  src\startup_stm32f40xx.o
FPU_IRQHandler                                    src\startup_stm32f40xx.o
FSMC_IRQHandler                                   src\startup_stm32f40xx.o
HASH_RNG_IRQHandler                               src\startup_stm32f40xx.o
HardFault_Handler                                 src\stm32f4xx_it.o
                                                  src\startup_stm32f40xx.o
I2C1_ER_IRQHandler                                src\startup_stm32f40xx.o
I2C1_EV_IRQHandler                                src\startup_stm32f40xx.o
I2C2_ER_IRQHandler                                src\startup_stm32f40xx.o
I2C2_EV_IRQHandler                                src\startup_stm32f40xx.o
I2C3_ER_IRQHandler                                src\startup_stm32f40xx.o
I2C3_EV_IRQHandler                                src\startup_stm32f40xx.o
LOCK_SYSTEM_TIMER()                               scmRTOS\port\os_target.o
MemManage_Handler                                 src\stm32f4xx_it.o
                                                  src\startup_stm32f40xx.o
NMI_Handler                                       src\stm32f4xx_it.o
                                                  src\startup_stm32f40xx.o
OS::DebugInfo                                     scmRTOS\port\os_target.o
OS::IdleProc                                      scmRTOS\core\os_kernel.o
OS::Kernel                                        scmRTOS\core\os_kernel.o
                                                  src\main.o
                                                  scmRTOS\recursive-mutex\recursive_mutex.o
                                                  scmRTOS\port\os_target.o
                                                  scmRTOS\core\os_services.o
OS::TBaseMessage::wait(unsigned short)            scmRTOS\core\os_services.o
OS::TBaseProcess::SuspendedProcessMap             scmRTOS\core\os_kernel.o
                                                  src\main.o
OS::TBaseProcess::TBaseProcess(unsigned long*, OS::TPriority, void (*)(), unsigned long*, char const*) scmRTOS\core\os_kernel.o
                                                  src\main.o
OS::TBaseProcess::TBaseProcess(unsigned long*, OS::TPriority, void (*)(), unsigned long*, char const*) scmRTOS\core\os_kernel.o
OS::TBaseProcess::force_wake_up()                 scmRTOS\core\os_kernel.o
OS::TBaseProcess::init_stack_frame(unsigned long*, void (*)(), unsigned long*) scmRTOS\port\os_target.o
                                                  scmRTOS\core\os_kernel.o
OS::TBaseProcess::sleep(unsigned short)           scmRTOS\core\os_kernel.o
OS::TBaseProcess::stack_slack() const             scmRTOS\core\os_kernel.o
OS::TBaseProcess::wake_up()                       scmRTOS\core\os_kernel.o
OS::TChannel::pop()                               scmRTOS\core\os_services.o
OS::TChannel::push(unsigned char)                 scmRTOS\core\os_services.o
OS::TChannel::read(unsigned char*, unsigned char) scmRTOS\core\os_services.o
OS::TChannel::write(unsigned char const*, unsigned char) scmRTOS\core\os_services.o
OS::TEventFlag::wait(unsigned short)              scmRTOS\core\os_services.o
                                                  src\main.o
OS::TKernel::ProcessTable                         scmRTOS\core\os_kernel.o
                                                  src\main.o
                                                  scmRTOS\recursive-mutex\recursive_mutex.o
                                                  scmRTOS\port\os_target.o
                                                  scmRTOS\core\os_services.o
OS::TKernel::sched()                              scmRTOS\core\os_kernel.o
                                                  scmRTOS\recursive-mutex\recursive_mutex.o
                                                  scmRTOS\core\os_services.o
OS::TMutex::lock()                                scmRTOS\core\os_services.o
OS::TMutex::try_lock(unsigned short)              scmRTOS\core\os_services.o
OS::TMutex::unlock()                              scmRTOS\core\os_services.o
OS::TRecursiveMutex::lock()                       scmRTOS\recursive-mutex\recursive_mutex.o
OS::TRecursiveMutex::try_lock()                   scmRTOS\recursive-mutex\recursive_mutex.o
OS::TRecursiveMutex::try_lock(unsigned short)     scmRTOS\recursive-mutex\recursive_mutex.o
OS::TRecursiveMutex::unlock()                     scmRTOS\recursive-mutex\recursive_mutex.o
OS::TService::resume_all(unsigned int volatile&)  scmRTOS\core\os_services.o
OS::TService::resume_next_ready(unsigned int volatile&) scmRTOS\core\os_services.o
                                                  scmRTOS\recursive-mutex\recursive_mutex.o
OS::process<(OS::TPriority)0, 400u, (OS::TProcessStartState)0>::exec() scmRTOS\core\os_kernel.o
OS::process<(OS::TPriority)1, 300u, (OS::TProcessStartState)0>::exec() src\main.o
OS::process<(OS::TPriority)2, 300u, (OS::TProcessStartState)0>::exec() src\main.o
OTG_FS_IRQHandler                                 src\startup_stm32f40xx.o
OTG_FS_WKUP_IRQHandler                            src\startup_stm32f40xx.o
OTG_HS_EP1_IN_IRQHandler                          src\startup_stm32f40xx.o
OTG_HS_EP1_OUT_IRQHandler                         src\startup_stm32f40xx.o
OTG_HS_IRQHandler                                 src\startup_stm32f40xx.o
OTG_HS_WKUP_IRQHandler                            src\startup_stm32f40xx.o
PVD_IRQHandler                                    src\startup_stm32f40xx.o
PendSVC_ISR                                       scmRTOS\port\os_target.o
PendSV_Handler                                    scmRTOS\port\os_target.o
Proc0                                             src\main.o
Proc1                                             src\main.o
RCC_IRQHandler                                    src\startup_stm32f40xx.o
RTC_Alarm_IRQHandler                              src\startup_stm32f40xx.o
RTC_WKUP_IRQHandler                               src\startup_stm32f40xx.o
Reset_Handler                                     src\startup_stm32f40xx.o
SDIO_IRQHandler                                   src\startup_stm32f40xx.o
SPI1_IRQHandler                                   src\startup_stm32f40xx.o
SPI2_IRQHandler                                   src\startup_stm32f40xx.o
SPI3_IRQHandler                                   src\startup_stm32f40xx.o
SVC_Handler                                       src\stm32f4xx_it.o
                                                  src\startup_stm32f40xx.o
SysTick_Handler                                   scmRTOS\port\os_target.o
SystemCoreClock                                   src\system_stm32f4xx.o
SystemCoreClockUpdate                             src\system_stm32f4xx.o
SystemInit                                        src\system_stm32f4xx.o
                                                  src\startup_stm32f40xx.o
TAMP_STAMP_IRQHandler                             src\startup_stm32f40xx.o
TIM1_BRK_TIM9_IRQHandler                          src\startup_stm32f40xx.o
TIM1_CC_IRQHandler                                src\startup_stm32f40xx.o
TIM1_TRG_COM_TIM11_IRQHandler                     src\startup_stm32f40xx.o
TIM1_UP_TIM10_IRQHandler                          src\startup_stm32f40xx.o
TIM2_IRQHandler                                   src\main.o
TIM3_IRQHandler                                   src\startup_stm32f40xx.o
TIM4_IRQHandler                                   src\startup_stm32f40xx.o
TIM5_IRQHandler                                   src\startup_stm32f40xx.o
TIM6_DAC_IRQHandler                               src\startup_stm32f40xx.o
TIM7_IRQHandler                                   src\startup_stm32f40xx.o
TIM8_BRK_TIM12_IRQHandler                         src\startup_stm32f40xx.o
TIM8_CC_IRQHandler                                src\startup_stm32f40xx.o
TIM8_TRG_COM_TIM14_IRQHandler                     src\startup_stm32f40xx.o
TIM8_UP_TIM13_IRQHandler                          src\startup_stm32f40xx.o
UART4_IRQHandler                                  src\startup_stm32f40xx.o
UART5_IRQHandler                                  src\startup_stm32f40xx.o
UNLOCK_SYSTEM_TIMER()                             scmRTOS\port\os_target.o
USART1_IRQHandler                                 src\startup_stm32f40xx.o
USART2_IRQHandler                                 src\startup_stm32f40xx.o
USART3_IRQHandler                                 src\startup_stm32f40xx.o
USART6_IRQHandler                                 src\startup_stm32f40xx.o
UsageFault_Handler                                src\stm32f4xx_it.o
                                                  src\startup_stm32f40xx.o
WWDG_IRQHandler                                   src\startup_stm32f40xx.o
__deregister_frame_info                           c:/program files (x86)/atollic/truestudio for arm 8.1.0/armtools/bin/../lib/gcc/arm-atollic-eabi/6.3.1/armv7e-m/fpu/crtbegin.o
__dso_handle                                      c:/program files (x86)/atollic/truestudio for arm 8.1.0/armtools/bin/../lib/gcc/arm-atollic-eabi/6.3.1/armv7e-m/fpu/crtbegin.o
__init_array_end                                  c:/program files (x86)/atollic/truestudio for arm 8.1.0/armtools/bin/../lib/gcc/arm-atollic-eabi/6.3.1/../../../../arm-atollic-eabi/lib/armv7e-m/fpu\libc_nano.a(lib_a-init.o)
__init_array_start                                c:/program files (x86)/atollic/truestudio for arm 8.1.0/armtools/bin/../lib/gcc/arm-atollic-eabi/6.3.1/../../../../arm-atollic-eabi/lib/armv7e-m/fpu\libc_nano.a(lib_a-init.o)
__init_system_timer                               scmRTOS\port\os_target.o
__libc_init_array                                 c:/program files (x86)/atollic/truestudio for arm 8.1.0/armtools/bin/../lib/gcc/arm-atollic-eabi/6.3.1/../../../../arm-atollic-eabi/lib/armv7e-m/fpu\libc_nano.a(lib_a-init.o)
                                                  src\startup_stm32f40xx.o
__preinit_array_end                               c:/program files (x86)/atollic/truestudio for arm 8.1.0/armtools/bin/../lib/gcc/arm-atollic-eabi/6.3.1/../../../../arm-atollic-eabi/lib/armv7e-m/fpu\libc_nano.a(lib_a-init.o)
__preinit_array_start                             c:/program files (x86)/atollic/truestudio for arm 8.1.0/armtools/bin/../lib/gcc/arm-atollic-eabi/6.3.1/../../../../arm-atollic-eabi/lib/armv7e-m/fpu\libc_nano.a(lib_a-init.o)
__register_frame_info                             c:/program files (x86)/atollic/truestudio for arm 8.1.0/armtools/bin/../lib/gcc/arm-atollic-eabi/6.3.1/armv7e-m/fpu/crtbegin.o
_ebss                                             src\startup_stm32f40xx.o
_edata                                            src\startup_stm32f40xx.o
_estack                                           src\startup_stm32f40xx.o
_ev                                               src\main.o
_ev1                                              src\main.o
_fini                                             c:/program files (x86)/atollic/truestudio for arm 8.1.0/armtools/bin/../lib/gcc/arm-atollic-eabi/6.3.1/armv7e-m/fpu/crti.o
_init                                             c:/program files (x86)/atollic/truestudio for arm 8.1.0/armtools/bin/../lib/gcc/arm-atollic-eabi/6.3.1/armv7e-m/fpu/crti.o
                                                  c:/program files (x86)/atollic/truestudio for arm 8.1.0/armtools/bin/../lib/gcc/arm-atollic-eabi/6.3.1/../../../../arm-atollic-eabi/lib/armv7e-m/fpu\libc_nano.a(lib_a-init.o)
_sbss                                             src\startup_stm32f40xx.o
_sdata                                            src\startup_stm32f40xx.o
_sidata                                           src\startup_stm32f40xx.o
_write                                            c:/program files (x86)/atollic/truestudio for arm 8.1.0/armtools/bin/../lib/gcc/arm-atollic-eabi/6.3.1/../../../../arm-atollic-eabi/lib/armv7e-m/fpu\libnosys.a(write.o)
                                                  src\tiny_printf.o
errno                                             c:/program files (x86)/atollic/truestudio for arm 8.1.0/armtools/bin/../lib/gcc/arm-atollic-eabi/6.3.1/../../../../arm-atollic-eabi/lib/armv7e-m/fpu\libnosys.a(errno.o)
                                                  c:/program files (x86)/atollic/truestudio for arm 8.1.0/armtools/bin/../lib/gcc/arm-atollic-eabi/6.3.1/../../../../arm-atollic-eabi/lib/armv7e-m/fpu\libnosys.a(write.o)
fiprintf                                          src\tiny_printf.o
fprintf                                           src\tiny_printf.o
fputs                                             src\tiny_printf.o
fwrite                                            src\tiny_printf.o
g_pfnVectors                                      src\startup_stm32f40xx.o
i                                                 src\main.o
iprintf                                           src\tiny_printf.o
main                                              src\main.o
                                                  src\startup_stm32f40xx.o
os_context_switch_hook                            scmRTOS\core\os_kernel.o
                                                  scmRTOS\port\os_target.o
os_start                                          scmRTOS\port\os_target.o
                                                  src\main.o
printf                                            src\tiny_printf.o
puts                                              src\tiny_printf.o
siprintf                                          src\tiny_printf.o
sprintf                                           src\tiny_printf.o
strlen                                            c:/program files (x86)/atollic/truestudio for arm 8.1.0/armtools/bin/../lib/gcc/arm-atollic-eabi/6.3.1/../../../../arm-atollic-eabi/lib/armv7e-m/fpu\libc_nano.a(lib_a-strlen.o)
                                                  src\tiny_printf.o
ts_formatlength                                   src\tiny_printf.o
ts_formatstring                                   src\tiny_printf.o
ts_itoa                                           src\tiny_printf.o
usr::TCbuf::TCbuf(unsigned char*, unsigned char)  scmRTOS\core\usrlib.o
usr::TCbuf::TCbuf(unsigned char*, unsigned char)  scmRTOS\core\usrlib.o
usr::TCbuf::get()                                 scmRTOS\core\usrlib.o
                                                  scmRTOS\core\os_services.o
usr::TCbuf::get_byte(unsigned char) const         scmRTOS\core\usrlib.o
usr::TCbuf::pop()                                 scmRTOS\core\usrlib.o
usr::TCbuf::push(unsigned char)                   scmRTOS\core\usrlib.o
usr::TCbuf::put(unsigned char)                    scmRTOS\core\usrlib.o
                                                  scmRTOS\core\os_services.o
usr::TCbuf::read(unsigned char*, unsigned char)   scmRTOS\core\usrlib.o
                                                  scmRTOS\core\os_services.o
usr::TCbuf::write(unsigned char const*, unsigned char) scmRTOS\core\usrlib.o
                                                  scmRTOS\core\os_services.o
